// Jest Snapshot v1, https://goo.gl/fbAQLP

exports[`Checkbox should generate the default markup 1`] = `
<div class="checkbox">
  <input type="checkbox">
  <label></label>
</div>
`;
