// Jest Snapshot v1, https://goo.gl/fbAQLP

exports[`RadioGroup should generate the default markup 1`] = `<div class="radio-group">Hello World</div>`;
